------------------------------------------------------------
Timing Analyzer Summary
------------------------------------------------------------

Type  : Slow 1200mV 85C Model Setup 'clk'
Slack : -8.271
TNS   : -634.864

Type  : Slow 1200mV 85C Model Setup 'controller:controller|current_state.STATE_find_smaller'
Slack : -7.195
TNS   : -199.230

Type  : Slow 1200mV 85C Model Setup 'datapath:datapath|alu:alu|modulo_top:modulo|controller_modulo:controller|current_state.STATE_update'
Slack : -1.684
TNS   : -36.310

Type  : Slow 1200mV 85C Model Hold 'clk'
Slack : 0.196
TNS   : 0.000

Type  : Slow 1200mV 85C Model Hold 'datapath:datapath|alu:alu|modulo_top:modulo|controller_modulo:controller|current_state.STATE_update'
Slack : 0.447
TNS   : 0.000

Type  : Slow 1200mV 85C Model Hold 'controller:controller|current_state.STATE_find_smaller'
Slack : 0.524
TNS   : 0.000

Type  : Slow 1200mV 85C Model Minimum Pulse Width 'clk'
Slack : -3.000
TNS   : -298.913

Type  : Slow 1200mV 85C Model Minimum Pulse Width 'controller:controller|current_state.STATE_find_smaller'
Slack : 0.282
TNS   : 0.000

Type  : Slow 1200mV 85C Model Minimum Pulse Width 'datapath:datapath|alu:alu|modulo_top:modulo|controller_modulo:controller|current_state.STATE_update'
Slack : 0.463
TNS   : 0.000

Type  : Slow 1200mV 0C Model Setup 'clk'
Slack : -7.738
TNS   : -593.002

Type  : Slow 1200mV 0C Model Setup 'controller:controller|current_state.STATE_find_smaller'
Slack : -6.914
TNS   : -190.037

Type  : Slow 1200mV 0C Model Setup 'datapath:datapath|alu:alu|modulo_top:modulo|controller_modulo:controller|current_state.STATE_update'
Slack : -1.639
TNS   : -34.752

Type  : Slow 1200mV 0C Model Hold 'clk'
Slack : 0.188
TNS   : 0.000

Type  : Slow 1200mV 0C Model Hold 'controller:controller|current_state.STATE_find_smaller'
Slack : 0.377
TNS   : 0.000

Type  : Slow 1200mV 0C Model Hold 'datapath:datapath|alu:alu|modulo_top:modulo|controller_modulo:controller|current_state.STATE_update'
Slack : 0.516
TNS   : 0.000

Type  : Slow 1200mV 0C Model Minimum Pulse Width 'clk'
Slack : -3.000
TNS   : -298.913

Type  : Slow 1200mV 0C Model Minimum Pulse Width 'controller:controller|current_state.STATE_find_smaller'
Slack : 0.274
TNS   : 0.000

Type  : Slow 1200mV 0C Model Minimum Pulse Width 'datapath:datapath|alu:alu|modulo_top:modulo|controller_modulo:controller|current_state.STATE_update'
Slack : 0.374
TNS   : 0.000

Type  : Fast 1200mV 0C Model Setup 'clk'
Slack : -2.684
TNS   : -181.484

Type  : Fast 1200mV 0C Model Setup 'controller:controller|current_state.STATE_find_smaller'
Slack : -2.300
TNS   : -63.009

Type  : Fast 1200mV 0C Model Setup 'datapath:datapath|alu:alu|modulo_top:modulo|controller_modulo:controller|current_state.STATE_update'
Slack : -0.307
TNS   : -2.346

Type  : Fast 1200mV 0C Model Hold 'controller:controller|current_state.STATE_find_smaller'
Slack : 0.026
TNS   : 0.000

Type  : Fast 1200mV 0C Model Hold 'clk'
Slack : 0.038
TNS   : 0.000

Type  : Fast 1200mV 0C Model Hold 'datapath:datapath|alu:alu|modulo_top:modulo|controller_modulo:controller|current_state.STATE_update'
Slack : 0.336
TNS   : 0.000

Type  : Fast 1200mV 0C Model Minimum Pulse Width 'clk'
Slack : -3.000
TNS   : -210.959

Type  : Fast 1200mV 0C Model Minimum Pulse Width 'datapath:datapath|alu:alu|modulo_top:modulo|controller_modulo:controller|current_state.STATE_update'
Slack : 0.360
TNS   : 0.000

Type  : Fast 1200mV 0C Model Minimum Pulse Width 'controller:controller|current_state.STATE_find_smaller'
Slack : 0.387
TNS   : 0.000

------------------------------------------------------------
